../Core/Src/icm_spi.c:8:13:ICM20948_WriteReg	16	static
../Core/Src/icm_spi.c:16:16:ICM20948_ReadReg	24	static
../Core/Src/icm_spi.c:26:6:ICM20948_SetUserCtrlBits	16	static
../Core/Src/icm_spi.c:33:6:ICM20948_ClearUserCtrlBits	16	static
../Core/Src/icm_spi.c:40:13:ICM20948_SelectBank	0	static
../Core/Src/icm_spi.c:45:6:ICM20948_ReadRegs	24	static
../Core/Src/icm_spi.c:57:6:ICM20948_Init	8	static
../Core/Src/icm_spi.c:101:6:ICM20948_EnableFIFO	8	static
../Core/Src/icm_spi.c:131:6:ICM20948_ReadFIFO	104	static
../Core/Src/icm_spi.c:239:6:ICM20948_AutoCalibrate	88	static
../Core/Src/icm_spi.c:301:6:ICM20948_ApplyCalibration	0	static
